<html>
<body>
<pre>
<h1>礦ision Build Log</h1>
<h2>Tool Versions:</h2>
IDE-Version: μVision V5.14.0.0
Copyright (C) 2015 ARM Ltd and ARM Germany GmbH. All rights reserved.
License Information: 1 1, 1, LIC=W96CK-Z1H40-D3TM3-A0E1Z-AXNR5-D2UTT
 
Tool Versions:
Toolchain:       MDK-ARM Professional  Version: 5.14.0.0
Toolchain Path:  E:\keil 5\ARM\ARMCC\Bin
C Compiler:      Armcc.exe V5.05 update 1 (build 106)
Assembler:       Armasm.exe V5.05 update 1 (build 106)
Linker/Locator:  ArmLink.exe V5.05 update 1 (build 106)
Library Manager: ArmAr.exe V5.05 update 1 (build 106)
Hex Converter:   FromElf.exe V5.05 update 1 (build 106)
CPU DLL:         SARMCM3.DLL V5.14.0.0
Dialog DLL:      DARMSTM.DLL V1.65.0.0
Target DLL:      CMSIS_AGDI.dll V1.21.0.0
Dialog DLL:      TARMSTM.DLL V1.64.0.0
 
<h2>Project:</h2>
C:\Users\WQH\Desktop\智能温控电风扇\Project\RVMDK（uv5）\BH-F103.uvprojx
Project File Date:  03/19/2024

<h2>Output:</h2>
Build target 'TIM—通用定时器-4路PWM输出'
compiling main.c...
compiling DS18b20.c...
linking...
Program Size: Code=8308 RO-data=336 RW-data=56 ZI-data=1024  
FromELF: creating hex file...
"..\..\Output\TIM—通用定时器-4路PWM输出.axf" - 0 Error(s), 0 Warning(s).

<h2>Collection of Component include folders:</h2>
  C:\Users\WQH\Desktop\智能温控电风扇\Project\RVMDK（uv5）\RTE
  E:\keil 5\ARM\PACK\Keil\STM32F1xx_DFP\2.2.0

<h2>Collection of Component Files used:</h2>
</pre>
</body>
</html>
